http://www.codeproject.com/Articles/573297/Restful-Web-Service-for-PDF2JSON

pdftotext - Unix, Linux Command
http://www.tutorialspoint.com/unix_commands/pdftotext.htm
author-side protection patch
https://bugs.debian.org/cgi-bin/bugreport.cgi?bug=145558;archive=yes
http://linux.die.net/man/1/pdftotext

Adobe is stupid, all open-source utils are respecting those permissions btw
bhaskar@coolcat:~/Documents/pdf-parse$ pdfinfo -upw oro123 pdf/asd.pdf 
Creator:        Data Dynamics ActiveReports (tm) for .NET
Producer:       Data Dynamics ActiveReports (tm) for .NET
CreationDate:   Sun Mar 27 19:22:26 2016
Tagged:         no
UserProperties: no
Suspects:       no
Form:           none
JavaScript:     no
Pages:          2
Encrypted:      yes (print:yes copy:no change:no addNotes:no algorithm:RC4)
Page size:      614 x 792 pts
Page rot:       0
File size:      73270 bytes
Optimized:      no
PDF version:    1.3


//workaround, need to test
Thank you Jasen, 
That seemed to work fine on Jonathan's Corel-Draw-bsaed protected PDF. 

$ pdfinfo secured.pdf 
  Title:          Untitled-1 
  Keywords:       Test Password Protected PDF 
  Author:         Jonathan N Little 
  Creator:        CorelDRAW X5 
  Producer:       Corel PDF Engine Version 15.2.0.695 
  CreationDate:   Sun Dec  7 17:57:13 2014 
  ModDate:        Sun Dec  7 17:57:13 2014 
  Tagged:         no 
  Form:           none 
  Pages:          1 
  Encrypted:      yes (print:no copy:no change:no addNotes:no algorithm:AES-256) 
  Syntax Error: Missing 'endstream' or incorrect stream length 
  Syntax Warning: Failed parsing hints table object 
  Syntax Warning: Failed to get object num from hint tables for page 1 
  Syntax Warning: Failed parsing page 1 using hint tables 
  ... 
  Page size:      612 x 792 pts (letter) 
  Page rot:       0 
  File size:      10240 bytes 
  Optimized:      yes 
  PDF version:    1.7 

$ pdf2ps secured.pdf temp.ps 
$ ps2pdf temp.ps not_secured.pdf 

$ pdfinfo not_secured.pdf 
  Creator:        GPL Ghostscript 910 (ps2write) 
  Producer:       GPL Ghostscript 9.10 
  CreationDate:   Mon Dec  8 04:53:51 2014 
  ModDate:        Mon Dec  8 04:53:51 2014 
  Tagged:         no 
  Form:           none 
  Pages:          1 
  Encrypted:      no 
  Page size:      612 x 792 pts (letter) 
  Page rot:       0 
  File size:      7915 bytes 
  Optimized:      no 
  PDF version:    1.4 

  



